---
source: tests/render_snapshots.rs
expression: buf_to_string(&terminal)
---
╭ stats ───────────────╮
│score  0              │
│                      │
│level  1              │
│lines  0              │
│                      │
╰──╭────────────────╮──╯
╭ h│                │──╮
│  │     PAUSED     │  │
│  │                │  │
│  │    p resume    │  │
╰──│     q quit     │──╯
╭ n╰────────────────╯──╮
│    LL                │
│LLLLLL                │
│                      │
│  SSSS                │
│SSSS                  │
│                      │
╰──────────────────────╯
