---
source: tests/render_snapshots.rs
expression: buf_to_string(&terminal)
---
╭ stats ───────────────╮
│score  0              │
│                      │
│level  1              │
│l╭ game over ───────╮ │
│ │                  │ │
╰─│     Game Over    │─╯
╭ │                  │─╮
│ │    score  360    │ │
│ │     level  1     │ │
│ │     lines  0     │ │
╰─│                  │─╯
╭ │     r restart    │─╮
│ │      q quit      │ │
│I╰──────────────────╯ │
│                      │
│OOOO                  │
│OOOO                  │
│                      │
╰──────────────────────╯
