---
source: tests/render_snapshots.rs
expression: buf_to_string(&terminal)
---
╭ stats ─────────────╮
│score  254          │
│╭ game over ───────╮│
││                  ││
││     Game Over    ││
││                  ││
╰│     NEW BEST!    │╯
╭│                  │╮
││    score  254    ││
││     level  1     ││
││     lines  0     ││
││                  ││
│╰──────────────────╯│
│                    │
╰────────────────────╯
